exports[`AccountDropdown renders correctly 1`] = `
<li
  className="dropdown">
  <a
    className="dropdown-toggle"
    data-toggle="dropdown"
    href="#">
    <span
      className="glyphicon glyphicon-user" />
  </a>
  <ul
    className="dropdown-menu">
    <li>
      <a
        href="#">
        Jay Kim
      </a>
    </li>
    <li
      className="divider" />
    <li>
      <a
        href="/settings">
        Settings
      </a>
    </li>
    <li>
      <a
        href="#">
        Your Posts
      </a>
    </li>
    <li>
      <a
        href="/logout">
        Logout
      </a>
    </li>
  </ul>
</li>
`;
