exports[`DeleteCommentModal renders correctly 1`] = `
<div
  aria-hidden="true"
  className="modal fade"
  id="DeleteCommentModal">
  <div
    className="modal-dialog"
    role="document">
    <div
      className="modal-content">
      <div
        className="modal-header">
        <button
          aria-label="close"
          className="close"
          data-dismiss="modal"
          type="button">
          <span
            aria-hidden="true">
            Ã—
          </span>
        </button>
        <h4
          className="modal-title">
          Are you sure you want to delete?
        </h4>
      </div>
      <div
        className="modal-body"
        id="DeleteCommentModalBody">
        <button
          className="btn btn-default"
          data-dismiss="modal"
          id="dcm_yes"
          onClick={[Function]}
          type="button">
          Yes
        </button>
        <button
          className="btn btn-default"
          data-dismiss="modal"
          id="dcm_no"
          type="button">
          No
        </button>
      </div>
    </div>
  </div>
</div>
`;
