exports[`EditCommentModal renders correctly 1`] = `
<div
  aria-hidden="true"
  className="modal fade"
  id="EditCommentModal">
  <div
    className="modal-dialog"
    role="document">
    <div
      className="modal-content">
      <div
        className="modal-header">
        <button
          aria-label="close"
          className="close"
          data-dismiss="modal"
          type="button">
          <span
            aria-hidden="true">
            Ã—
          </span>
        </button>
        <h4
          className="modal-title">
          Edit Comment
        </h4>
      </div>
      <div
        className="modal-body"
        id="EditCommentModalBody">
        <textarea
          className="form-control EditFeedCommentBody"
          id="FeedCommentBody"
          onChange={[Function]}
          value={undefined} />
      </div>
      <div
        className="modal-footer">
        <button
          className="btn btn-default"
          data-dismiss="modal"
          id="ecm_submit"
          onClick={[Function]}
          type="button">
          Submit
        </button>
      </div>
    </div>
  </div>
</div>
`;
