exports[`FeedPostHeader renders correctly 1`] = `
<div
  className="FeedPostHeader">
  <div
    className="tpc pull-right">
    <kbd>
       Trade  Play  Chill 
    </kbd>
  </div>
  <div
    className="headerpart name"
    onClick={[Function]}>
    <b>
      a
    </b>
  </div>
  <div
    className="headerpart username text-muted"
    onClick={[Function]}>
    @
    a
  </div>
  <div
    className="headerpart time text-muted">
    â€¢ 
    a
  </div>
</div>
`;
