exports[`FeedPostBody renders correctly 1`] = `
<div
  className="FeedPostBody">
  a
</div>
`;
