exports[`ReportPostModal renders correctly 1`] = `
<div
  aria-hidden="true"
  className="modal fade"
  id="ReportPostModal">
  <div
    className="modal-dialog"
    role="document">
    <div
      className="modal-content">
      <div
        className="modal-header">
        <button
          aria-label="close"
          className="close"
          data-dismiss="modal"
          type="button">
          <span
            aria-hidden="true">
            Ã—
          </span>
        </button>
        <h4
          className="modal-title">
          Report for:
        </h4>
      </div>
      <div
        className="modal-body"
        id="ReportPostModalBody">
        <button
          className="btn btn-default"
          data-dismiss="modal"
          onClick={[Function]}
          type="button">
          Spam
        </button>
        <button
          className="btn btn-default"
          data-dismiss="modal"
          onClick={[Function]}
          type="button">
          Inappropriate
        </button>
      </div>
    </div>
  </div>
</div>
`;
