exports[`SearchNavBar renders correctly 1`] = `
<nav
  className="navbar navbar-default"
  role="navigation">
  <div
    className="container">
    <div
      className="navbar-header">
      <button
        className="navbar-toggle"
        data-target="#bs-example-navbar-collapse-1"
        data-toggle="collapse"
        type="button">
        <span
          className="sr-only">
          Toggle navigation
        </span>
        <span
          className="icon-bar" />
        <span
          className="icon-bar" />
        <span
          className="icon-bar" />
      </button>
      <a
        className="navbar-brand navbar-brand-logo"
        onClick={[Function]}
        style={Object {}}>
        <span
          className="glyphicon glyphicon-home" />
      </a>
    </div>
    <div
      className="collapse navbar-collapse"
      id="bs-example-navbar-collapse-1">
      <ul
        className="nav navbar-nav navbar-right">
        <li>
          <a
            data-toggle="search"
            href="javascript:void(0)">
            <span
              className="glyphicon glyphicon-search" />
          </a>
        </li>
        <li
          className="dropdown">
          <a
            className="dropdown-toggle"
            data-toggle="dropdown"
            href="#">
            <span
              className="glyphicon glyphicon-envelope" />
          </a>
          <ul
            className="dropdown-menu">
            <li>
              <a
                href="#">
                Insert notifications here.
              </a>
            </li>
            <li>
              <a
                href="#">
                Insert notifications here.
              </a>
            </li>
            <li>
              <a
                href="#">
                Insert notifications here.
              </a>
            </li>
          </ul>
        </li>
        <li
          className="dropdown">
          <a
            className="dropdown-toggle"
            data-toggle="dropdown"
            href="#">
            <span
              className="glyphicon glyphicon-user" />
          </a>
          <ul
            className="dropdown-menu">
            <li>
              <a
                href="#">
                Jay Kim
              </a>
            </li>
            <li
              className="divider" />
            <li>
              <a
                href="/settings">
                Settings
              </a>
            </li>
            <li>
              <a
                href="#">
                Your Posts
              </a>
            </li>
            <li>
              <a
                href="/logout">
                Logout
              </a>
            </li>
          </ul>
        </li>
      </ul>
      <form
        className="navbar-form navbar-right navbar-search-form"
        role="search">
        <div
          className="form-group">
          <div
            className="input-group input-group-unstyled">
            <input
              className="form-control"
              id="searchInput"
              onChange={[Function]}
              placeholder="Search..."
              type="text"
              value="a" />
            <div
              className="input-group-addon" />
            <a
              className="input-group-addon">
              <span
                className="glyphicon glyphicon-transfer icon-success filterButton"
                onClick={[Function]} />
            </a>
            <a
              className="input-group-addon">
              <span
                className="glyphicon glyphicon-play icon-success filterButton"
                onClick={[Function]} />
            </a>
            <a
              className="input-group-addon">
              <span
                className="glyphicon glyphicon-time icon-success filterButton"
                onClick={[Function]} />
            </a>
          </div>
        </div>
      </form>
    </div>
  </div>
</nav>
`;
